Archive member included because of file (symbol)

c:/program files (x86)/atmel/atmel toolchain/avr8 gcc/native/3.4.2.939/avr8-gnu-toolchain/bin/../lib/gcc/avr/4.7.2/../../../../avr/lib/avr4\libm.a(cmpsf2.o)
                              libMozzi/mozzi_midi.o (__nesf2)
c:/program files (x86)/atmel/atmel toolchain/avr8 gcc/native/3.4.2.939/avr8-gnu-toolchain/bin/../lib/gcc/avr/4.7.2/../../../../avr/lib/avr4\libm.a(divsf3.o)
                              libMozzi/mozzi_midi.o (__divsf3)
c:/program files (x86)/atmel/atmel toolchain/avr8 gcc/native/3.4.2.939/avr8-gnu-toolchain/bin/../lib/gcc/avr/4.7.2/../../../../avr/lib/avr4\libm.a(divsf3x.o)
                              c:/program files (x86)/atmel/atmel toolchain/avr8 gcc/native/3.4.2.939/avr8-gnu-toolchain/bin/../lib/gcc/avr/4.7.2/../../../../avr/lib/avr4\libm.a(divsf3.o) (__divsf3x)
c:/program files (x86)/atmel/atmel toolchain/avr8 gcc/native/3.4.2.939/avr8-gnu-toolchain/bin/../lib/gcc/avr/4.7.2/../../../../avr/lib/avr4\libm.a(floatsisf.o)
                              libMozzi/mozzi_utils.o (__floatunsisf)
c:/program files (x86)/atmel/atmel toolchain/avr8 gcc/native/3.4.2.939/avr8-gnu-toolchain/bin/../lib/gcc/avr/4.7.2/../../../../avr/lib/avr4\libm.a(fp_cmp.o)
                              c:/program files (x86)/atmel/atmel toolchain/avr8 gcc/native/3.4.2.939/avr8-gnu-toolchain/bin/../lib/gcc/avr/4.7.2/../../../../avr/lib/avr4\libm.a(cmpsf2.o) (__fp_cmp)
c:/program files (x86)/atmel/atmel toolchain/avr8 gcc/native/3.4.2.939/avr8-gnu-toolchain/bin/../lib/gcc/avr/4.7.2/../../../../avr/lib/avr4\libm.a(fp_inf.o)
                              c:/program files (x86)/atmel/atmel toolchain/avr8 gcc/native/3.4.2.939/avr8-gnu-toolchain/bin/../lib/gcc/avr/4.7.2/../../../../avr/lib/avr4\libm.a(divsf3x.o) (__fp_inf)
c:/program files (x86)/atmel/atmel toolchain/avr8 gcc/native/3.4.2.939/avr8-gnu-toolchain/bin/../lib/gcc/avr/4.7.2/../../../../avr/lib/avr4\libm.a(fp_nan.o)
                              c:/program files (x86)/atmel/atmel toolchain/avr8 gcc/native/3.4.2.939/avr8-gnu-toolchain/bin/../lib/gcc/avr/4.7.2/../../../../avr/lib/avr4\libm.a(divsf3x.o) (__fp_nan)
c:/program files (x86)/atmel/atmel toolchain/avr8 gcc/native/3.4.2.939/avr8-gnu-toolchain/bin/../lib/gcc/avr/4.7.2/../../../../avr/lib/avr4\libm.a(fp_pscA.o)
                              c:/program files (x86)/atmel/atmel toolchain/avr8 gcc/native/3.4.2.939/avr8-gnu-toolchain/bin/../lib/gcc/avr/4.7.2/../../../../avr/lib/avr4\libm.a(divsf3x.o) (__fp_pscA)
c:/program files (x86)/atmel/atmel toolchain/avr8 gcc/native/3.4.2.939/avr8-gnu-toolchain/bin/../lib/gcc/avr/4.7.2/../../../../avr/lib/avr4\libm.a(fp_pscB.o)
                              c:/program files (x86)/atmel/atmel toolchain/avr8 gcc/native/3.4.2.939/avr8-gnu-toolchain/bin/../lib/gcc/avr/4.7.2/../../../../avr/lib/avr4\libm.a(divsf3x.o) (__fp_pscB)
c:/program files (x86)/atmel/atmel toolchain/avr8 gcc/native/3.4.2.939/avr8-gnu-toolchain/bin/../lib/gcc/avr/4.7.2/../../../../avr/lib/avr4\libm.a(fp_round.o)
                              c:/program files (x86)/atmel/atmel toolchain/avr8 gcc/native/3.4.2.939/avr8-gnu-toolchain/bin/../lib/gcc/avr/4.7.2/../../../../avr/lib/avr4\libm.a(divsf3.o) (__fp_round)
c:/program files (x86)/atmel/atmel toolchain/avr8 gcc/native/3.4.2.939/avr8-gnu-toolchain/bin/../lib/gcc/avr/4.7.2/../../../../avr/lib/avr4\libm.a(fp_split3.o)
                              c:/program files (x86)/atmel/atmel toolchain/avr8 gcc/native/3.4.2.939/avr8-gnu-toolchain/bin/../lib/gcc/avr/4.7.2/../../../../avr/lib/avr4\libm.a(divsf3x.o) (__fp_split3)
c:/program files (x86)/atmel/atmel toolchain/avr8 gcc/native/3.4.2.939/avr8-gnu-toolchain/bin/../lib/gcc/avr/4.7.2/../../../../avr/lib/avr4\libm.a(fp_zero.o)
                              c:/program files (x86)/atmel/atmel toolchain/avr8 gcc/native/3.4.2.939/avr8-gnu-toolchain/bin/../lib/gcc/avr/4.7.2/../../../../avr/lib/avr4\libm.a(divsf3x.o) (__fp_szero)
c:/program files (x86)/atmel/atmel toolchain/avr8 gcc/native/3.4.2.939/avr8-gnu-toolchain/bin/../lib/gcc/avr/4.7.2/../../../../avr/lib/avr4\libm.a(mulsf3.o)
                              libMozzi/mozzi_midi.o (__mulsf3)
c:/program files (x86)/atmel/atmel toolchain/avr8 gcc/native/3.4.2.939/avr8-gnu-toolchain/bin/../lib/gcc/avr/4.7.2/../../../../avr/lib/avr4\libm.a(mulsf3x.o)
                              c:/program files (x86)/atmel/atmel toolchain/avr8 gcc/native/3.4.2.939/avr8-gnu-toolchain/bin/../lib/gcc/avr/4.7.2/../../../../avr/lib/avr4\libm.a(mulsf3.o) (__mulsf3x)
c:/program files (x86)/atmel/atmel toolchain/avr8 gcc/native/3.4.2.939/avr8-gnu-toolchain/bin/../lib/gcc/avr/4.7.2/../../../../avr/lib/avr4\libm.a(pow.o)
                              libMozzi/mozzi_midi.o (pow)
c:/program files (x86)/atmel/atmel toolchain/avr8 gcc/native/3.4.2.939/avr8-gnu-toolchain/bin/../lib/gcc/avr/4.7.2/../../../../avr/lib/avr4\libm.a(exp.o)
[...]
Memory Configuration

Name             Origin             Length             Attributes
text             0x00000000         0x00002000         xr
data             0x00800060         0x0000ffa0         rw !x
eeprom           0x00810000         0x00010000         rw !x
fuse             0x00820000         0x00000400         rw !x
lock             0x00830000         0x00000400         rw !x
signature        0x00840000         0x00000400         rw !x
user_signatures  0x00850000         0x00000400         rw !x
*default*        0x00000000         0xffffffff

Linker script and memory map

Address of section .data set to 0x800100
LOAD c:/program files (x86)/atmel/atmel toolchain/avr8 gcc/native/3.4.2.939/avr8-gnu-toolchain/bin/../lib/gcc/avr/4.7.2/../../../../avr/lib/avr4/crtm88.o
LOAD libMozzi/FrequencyTimer2.o
LOAD libMozzi/MozziGuts.o
LOAD libMozzi/mozzi_analog.o
LOAD libMozzi/mozzi_fixmath.o
LOAD libMozzi/mozzi_midi.o
LOAD libMozzi/mozzi_rand.o
LOAD libMozzi/mozzi_utils.o
LOAD libMozzi/TimerOne.o
LOAD libMozzi/TimerZero.o
LOAD PhonosynthAtmega88.o
START GROUP
LOAD c:/program files (x86)/atmel/atmel toolchain/avr8 gcc/native/3.4.2.939/avr8-gnu-toolchain/bin/../lib/gcc/avr/4.7.2/../../../../avr/lib/avr4\libm.a
LOAD ../libArduino\libcore.a
END GROUP
LOAD c:/program files (x86)/atmel/atmel toolchain/avr8 gcc/native/3.4.2.939/avr8-gnu-toolchain/bin/../lib/gcc/avr/4.7.2/avr4\libgcc.a
LOAD c:/program files (x86)/atmel/atmel toolchain/avr8 gcc/native/3.4.2.939/avr8-gnu-toolchain/bin/../lib/gcc/avr/4.7.2/../../../../avr/lib/avr4\libm.a
LOAD c:/program files (x86)/atmel/atmel toolchain/avr8 gcc/native/3.4.2.939/avr8-gnu-toolchain/bin/../lib/gcc/avr/4.7.2/avr4\libgcc.a
LOAD c:/program files (x86)/atmel/atmel toolchain/avr8 gcc/native/3.4.2.939/avr8-gnu-toolchain/bin/../lib/gcc/avr/4.7.2/../../../../avr/lib/avr4\libc.a
LOAD c:/program files (x86)/atmel/atmel toolchain/avr8 gcc/native/3.4.2.939/avr8-gnu-toolchain/bin/../lib/gcc/avr/4.7.2/avr4\libgcc.a

.hash
 *(.hash)

.dynsym
 *(.dynsym)

.dynstr
 *(.dynstr)

.gnu.version
 *(.gnu.version)

.gnu.version_d
 *(.gnu.version_d)

.gnu.version_r
 *(.gnu.version_r)

.rel.init
 *(.rel.init)

.rela.init
 *(.rela.init)

.rel.text
 *(.rel.text)
 *(.rel.text.*)
 *(.rel.gnu.linkonce.t*)

.rela.text
 *(.rela.text)
 *(.rela.text.*)
 *(.rela.gnu.linkonce.t*)

.rel.fini
 *(.rel.fini)

.rela.fini
 *(.rela.fini)

.rel.rodata
 *(.rel.rodata)
 *(.rel.rodata.*)
 *(.rel.gnu.linkonce.r*)

.rela.rodata
 *(.rela.rodata)
 *(.rela.rodata.*)
 *(.rela.gnu.linkonce.r*)

.rel.data
 *(.rel.data)
 *(.rel.data.*)
 *(.rel.gnu.linkonce.d*)

.rela.data
 *(.rela.data)
 *(.rela.data.*)
 *(.rela.gnu.linkonce.d*)

.rel.ctors
 *(.rel.ctors)

.rela.ctors
 *(.rela.ctors)

.rel.dtors
 *(.rel.dtors)

.rela.dtors
 *(.rela.dtors)

.rel.got
 *(.rel.got)

.rela.got
 *(.rela.got)

.rel.bss
 *(.rel.bss)

.rela.bss
 *(.rela.bss)

.rel.plt
 *(.rel.plt)

.rela.plt
 *(.rela.plt)

.text           0x00000000     0x1f68
 *(.vectors)
 .vectors       0x00000000       0x34 c:/program files (x86)/atmel/atmel toolchain/avr8 gcc/native/3.4.2.939/avr8-gnu-toolchain/bin/../lib/gcc/avr/4.7.2/../../../../avr/lib/avr4/crtm88.o
                0x00000000                __vector_default
                0x00000000                __vectors
 *(.vectors)
 *(.progmem.gcc*)
 .progmem.gcc_sw_table._Z11getByteBeath
                0x00000034       0x26 PhonosynthAtmega88.o
 *(.progmem*)
 .progmem.data  0x0000005a        0xb libMozzi/TimerZero.o
 .progmem.data  0x00000065      0x200 PhonosynthAtmega88.o
 .progmem.data.digital_pin_to_timer_PGM
                0x00000265       0x14 ../libArduino\libcore.a(wiring_digital.o)
                0x00000265                digital_pin_to_timer_PGM
 .progmem.data.digital_pin_to_bit_mask_PGM
                0x00000279       0x14 ../libArduino\libcore.a(wiring_digital.o)
                0x00000279                digital_pin_to_bit_mask_PGM
 .progmem.data.digital_pin_to_port_PGM
                0x0000028d       0x14 ../libArduino\libcore.a(wiring_digital.o)
                0x0000028d                digital_pin_to_port_PGM
 .progmem.data.port_to_input_PGM
                0x000002a1        0xa ../libArduino\libcore.a(wiring_digital.o)
                0x000002a1                port_to_input_PGM
 .progmem.data.port_to_output_PGM
                0x000002ab        0xa ../libArduino\libcore.a(wiring_digital.o)
                0x000002ab                port_to_output_PGM
 .progmem.data.port_to_mode_PGM
                0x000002b5        0xa ../libArduino\libcore.a(wiring_digital.o)
                0x000002b5                port_to_mode_PGM
                0x000002c0                . = ALIGN (0x2)
 *fill*         0x000002bf        0x1 
                0x000002c0                __trampolines_start = .
 *(.trampolines)
 .trampolines   0x000002c0        0x0 linker stubs
 *(.trampolines*)
                0x000002c0                __trampolines_end = .
 *(.jumptables)
 *(.jumptables*)
 *(.lowtext)
 *(.lowtext*)
                0x000002c0                __ctors_start = .
 *(.ctors)
 .ctors         0x000002c0        0x2 libMozzi/mozzi_analog.o
 .ctors         0x000002c2        0x2 PhonosynthAtmega88.o
                0x000002c4                __ctors_end = .
                0x000002c4                __dtors_start = .
 *(.dtors)
                0x000002c4                __dtors_end = .
 SORT(*)(.ctors)
 SORT(*)(.dtors)
 *(.init0)
 .init0         0x000002c4        0x0 c:/program files (x86)/atmel/atmel toolchain/avr8 gcc/native/3.4.2.939/avr8-gnu-toolchain/bin/../lib/gcc/avr/4.7.2/../../../../avr/lib/avr4/crtm88.o
                0x000002c4                __init
 *(.init0)
 *(.init1)
 *(.init1)
 *(.init2)
 .init2         0x000002c4        0xc c:/program files (x86)/atmel/atmel toolchain/avr8 gcc/native/3.4.2.939/avr8-gnu-toolchain/bin/../lib/gcc/avr/4.7.2/../../../../avr/lib/avr4/crtm88.o
 *(.init2)
 *(.init3)
 *(.init3)
 *(.init4)
 .init4         0x000002d0       0x16 c:/program files (x86)/atmel/atmel toolchain/avr8 gcc/native/3.4.2.939/avr8-gnu-toolchain/bin/../lib/gcc/avr/4.7.2/avr4\libgcc.a(_copy_data.o)
                0x000002d0                __do_copy_data
 .init4         0x000002e6       0x10 c:/program files (x86)/atmel/atmel toolchain/avr8 gcc/native/3.4.2.939/avr8-gnu-toolchain/bin/../lib/gcc/avr/4.7.2/avr4\libgcc.a(_clear_bss.o)
                0x000002e6                __do_clear_bss
 *(.init4)
 *(.init5)
 *(.init5)
 *(.init6)
 .init6         0x000002f6       0x14 c:/program files (x86)/atmel/atmel toolchain/avr8 gcc/native/3.4.2.939/avr8-gnu-toolchain/bin/../lib/gcc/avr/4.7.2/avr4\libgcc.a(_ctors.o)
                0x000002f6                __do_global_ctors
 *(.init6)
 *(.init7)
 *(.init7)
 *(.init8)
 *(.init8)
 *(.init9)
 .init9         0x0000030a        0x4 c:/program files (x86)/atmel/atmel toolchain/avr8 gcc/native/3.4.2.939/avr8-gnu-toolchain/bin/../lib/gcc/avr/4.7.2/../../../../avr/lib/avr4/crtm88.o
 *(.init9)
 *(.text)
 .text          0x0000030e        0x2 c:/program files (x86)/atmel/atmel toolchain/avr8 gcc/native/3.4.2.939/avr8-gnu-toolchain/bin/../lib/gcc/avr/4.7.2/../../../../avr/lib/avr4/crtm88.o
                0x0000030e                __vector_22
                0x0000030e                __vector_1
                0x0000030e                __vector_24
                0x0000030e                __vector_12
                0x0000030e                __bad_interrupt
                0x0000030e                __vector_6
                0x0000030e                __vector_3
                0x0000030e                __vector_23
                0x0000030e                __vector_25
                0x0000030e                __vector_11
                0x0000030e                __vector_17
                0x0000030e                __vector_19
                0x0000030e                __vector_7
                0x0000030e                __vector_5
                0x0000030e                __vector_4
                0x0000030e                __vector_9
                0x0000030e                __vector_2
                0x0000030e                __vector_15
                0x0000030e                __vector_8
                0x0000030e                __vector_10
                0x0000030e                __vector_18
                0x0000030e                __vector_20
                0x00000310                . = ALIGN (0x2)
 *(.text.*)
 .text._ZL24updateControlWithAutoADCv
                0x00000310        0x4 libMozzi/MozziGuts.o
 .text._Z9audioHookv
                0x00000314       0x7a libMozzi/MozziGuts.o
                0x00000314                _Z9audioHookv
 .text.__vector_13
                0x0000038e       0x7a libMozzi/MozziGuts.o
                0x0000038e                __vector_13
 .text._Z10startMozzii
                0x00000408      0x140 libMozzi/MozziGuts.o
                0x00000408                _Z10startMozzii
 .text._Z19setupFastAnalogReadc
                0x00000548       0x5a libMozzi/mozzi_analog.o
                0x00000548                _Z19setupFastAnalogReadc
 .text._Z26adcDisconnectAllDigitalInsv
                0x000005a2       0x28 libMozzi/mozzi_analog.o
                0x000005a2                _Z26adcDisconnectAllDigitalInsv
 .text._Z13setupMozziADCc
                0x000005ca        0xe libMozzi/mozzi_analog.o
                0x000005ca                _Z13setupMozziADCc
 .text._Z18adcStartConversionh
                0x000005d8       0x14 libMozzi/mozzi_analog.o
                0x000005d8                _Z18adcStartConversionh
 .text._Z15mozziAnalogReadh
                0x000005ec       0x3c libMozzi/mozzi_analog.o
                0x000005ec                _Z15mozziAnalogReadh
 .text._Z23adcReadSelectedChannelsv
                0x00000628       0x4e libMozzi/mozzi_analog.o
                0x00000628                _Z23adcReadSelectedChannelsv
 .text._Z17adcStartReadCyclev
                0x00000676       0x12 libMozzi/mozzi_analog.o
                0x00000676                _Z17adcStartReadCyclev
 .text._Z21startSecondControlADCv
                0x00000688        0xc libMozzi/mozzi_analog.o
                0x00000688                _Z21startSecondControlADCv
 .text._Z23receiveSecondControlADCv
                0x00000694       0x1a libMozzi/mozzi_analog.o
                0x00000694                _Z23receiveSecondControlADCv
 .text.__vector_21
                0x000006ae       0x5e libMozzi/mozzi_analog.o
                0x000006ae                __vector_21
 .text.startup._GLOBAL__sub_I__Z19setupFastAnalogReadc
                0x0000070c        0xe libMozzi/mozzi_analog.o
 .text._Z10xorshift96v
                0x0000071a       0xb6 libMozzi/mozzi_rand.o
                0x0000071a                _Z10xorshift96v
 .text._Z4randi
                0x000007d0       0x22 libMozzi/mozzi_rand.o
                0x000007d0                _Z4randi
 .text._ZN9TimerZero4initEjPFvvEb
                0x000007f2       0xa8 libMozzi/TimerZero.o
                0x000007f2                _ZN9TimerZero4initEjPFvvEb
 .text._ZN9TimerZero5startEv
                0x0000089a        0xc libMozzi/TimerZero.o
                0x0000089a                _ZN9TimerZero5startEv
 .text.__vector_14
                0x000008a6       0x6c libMozzi/TimerZero.o
                0x000008a6                __vector_14
 .text._Z7setLEDsh
                0x00000912       0x3e PhonosynthAtmega88.o
                0x00000912                _Z7setLEDsh
 .text._Z11getByteBeath
                0x00000950      0x99e PhonosynthAtmega88.o
                0x00000950                _Z11getByteBeath
 .text._Z27updateControlByteBeatEnginev
                0x000012ee       0x38 PhonosynthAtmega88.o
                0x000012ee                _Z27updateControlByteBeatEnginev
 .text.loop     0x00001326        0x2 PhonosynthAtmega88.o
                0x00001326                loop
 .text._ZN5OscilILj256ELj16384EE7setFreqEi
                0x00001328       0x30 PhonosynthAtmega88.o
                0x00001328                _ZN5OscilILj256ELj16384EE7setFreqEi
 .text.setup    0x00001358       0xa4 PhonosynthAtmega88.o
                0x00001358                setup
 .text._Z24updateControlDroneEnginev
                0x000013fc      0x128 PhonosynthAtmega88.o
                0x000013fc                _Z24updateControlDroneEnginev
 .text._Z13updateControlv
                0x00001524      0x14c PhonosynthAtmega88.o
                0x00001524                _Z13updateControlv
 .text._ZN5OscilILj256ELj16384EE4nextEv
                0x00001670       0x38 PhonosynthAtmega88.o
                0x00001670                _ZN5OscilILj256ELj16384EE4nextEv
 .text._ZN5OscilILj256ELj16384EE5phModEl
                0x000016a8       0x58 PhonosynthAtmega88.o
                0x000016a8                _ZN5OscilILj256ELj16384EE5phModEl
 .text._Z11updateAudiov
                0x00001700      0x270 PhonosynthAtmega88.o
                0x00001700                _Z11updateAudiov
 .text.startup._GLOBAL__sub_I_oSaw1
                0x00001970       0x42 PhonosynthAtmega88.o
 .text.startup.main
                0x000019b2       0x12 ../libArduino\libcore.a(main.o)
                0x000019b2                main
 .text.__vector_16
                0x000019c4       0x94 ../libArduino\libcore.a(wiring.o)
                0x000019c4                __vector_16
 .text.delayMicroseconds
                0x00001a58       0x14 ../libArduino\libcore.a(wiring.o)
                0x00001a58                delayMicroseconds
 .text.init     0x00001a6c       0x76 ../libArduino\libcore.a(wiring.o)
                0x00001a6c                init
 .text.turnOffPWM
                0x00001ae2       0x54 ../libArduino\libcore.a(wiring_digital.o)
 .text.pinMode  0x00001b36       0x70 ../libArduino\libcore.a(wiring_digital.o)
                0x00001b36                pinMode
 .text.digitalWrite
                0x00001ba6       0x6c ../libArduino\libcore.a(wiring_digital.o)
                0x00001ba6                digitalWrite
 .text.digitalRead
                0x00001c12       0x50 ../libArduino\libcore.a(wiring_digital.o)
                0x00001c12                digitalRead
 .text.libgcc.div
                0x00001c62       0x1a c:/program files (x86)/atmel/atmel toolchain/avr8 gcc/native/3.4.2.939/avr8-gnu-toolchain/bin/../lib/gcc/avr/4.7.2/avr4\libgcc.a(_divmodqi4.o)
                0x00001c62                __divmodqi4
 .text.libgcc.div
                0x00001c7c       0x26 c:/program files (x86)/atmel/atmel toolchain/avr8 gcc/native/3.4.2.939/avr8-gnu-toolchain/bin/../lib/gcc/avr/4.7.2/avr4\libgcc.a(_divmodhi4.o)
                0x00001c7c                _div
                0x00001c7c                __divmodhi4
 .text.libgcc.div
                0x00001ca2       0x36 c:/program files (x86)/atmel/atmel toolchain/avr8 gcc/native/3.4.2.939/avr8-gnu-toolchain/bin/../lib/gcc/avr/4.7.2/avr4\libgcc.a(_divmodsi4.o)
                0x00001ca2                __divmodsi4
 .text.libgcc.mul
                0x00001cd8       0x18 c:/program files (x86)/atmel/atmel toolchain/avr8 gcc/native/3.4.2.939/avr8-gnu-toolchain/bin/../lib/gcc/avr/4.7.2/avr4\libgcc.a(_umulhisi3.o)
                0x00001cd8                __umulhisi3
 .text.libgcc.mul
                0x00001cf0        0xc c:/program files (x86)/atmel/atmel toolchain/avr8 gcc/native/3.4.2.939/avr8-gnu-toolchain/bin/../lib/gcc/avr/4.7.2/avr4\libgcc.a(_usmulhisi3.o)
                0x00001cf0                __usmulhisi3
                0x00001cf2                __usmulhisi3_tail
 .text.libgcc.mul
                0x00001cfc       0x14 c:/program files (x86)/atmel/atmel toolchain/avr8 gcc/native/3.4.2.939/avr8-gnu-toolchain/bin/../lib/gcc/avr/4.7.2/avr4\libgcc.a(_muluhisi3.o)
                0x00001cfc                __muluhisi3
 .text.libgcc.mul
                0x00001d10        0xc c:/program files (x86)/atmel/atmel toolchain/avr8 gcc/native/3.4.2.939/avr8-gnu-toolchain/bin/../lib/gcc/avr/4.7.2/avr4\libgcc.a(_mulshisi3.o)
                0x00001d10                __mulshisi3
                0x00001d14                __mulohisi3
 .text.libgcc.div
                0x00001d1c       0x1a c:/program files (x86)/atmel/atmel toolchain/avr8 gcc/native/3.4.2.939/avr8-gnu-toolchain/bin/../lib/gcc/avr/4.7.2/avr4\libgcc.a(_udivdi3.o)
                0x00001d1c                __umoddi3
                0x00001d20                __udivdi3
                0x00001d22                __udivdi3_umoddi3
 .text.libgcc.mul
                0x00001d36       0xa2 c:/program files (x86)/atmel/atmel toolchain/avr8 gcc/native/3.4.2.939/avr8-gnu-toolchain/bin/../lib/gcc/avr/4.7.2/avr4\libgcc.a(_muldi3.o)
                0x00001d36                __muldi3
 .text.libgcc.div
                0x00001dd8       0x7e c:/program files (x86)/atmel/atmel toolchain/avr8 gcc/native/3.4.2.939/avr8-gnu-toolchain/bin/../lib/gcc/avr/4.7.2/avr4\libgcc.a(_udivmod64.o)
                0x00001dd8                __udivmod64
 .text.libgcc.builtins
                0x00001e56       0x1e c:/program files (x86)/atmel/atmel toolchain/avr8 gcc/native/3.4.2.939/avr8-gnu-toolchain/bin/../lib/gcc/avr/4.7.2/avr4\libgcc.a(_ashldi3.o)
                0x00001e56                __ashldi3
 .text.libgcc.builtins
                0x00001e74       0x1e c:/program files (x86)/atmel/atmel toolchain/avr8 gcc/native/3.4.2.939/avr8-gnu-toolchain/bin/../lib/gcc/avr/4.7.2/avr4\libgcc.a(_lshrdi3.o)
                0x00001e74                __lshrdi3
 .text.libgcc   0x00001e92       0x18 c:/program files (x86)/atmel/atmel toolchain/avr8 gcc/native/3.4.2.939/avr8-gnu-toolchain/bin/../lib/gcc/avr/4.7.2/avr4\libgcc.a(_adddi3_s8.o)
                0x00001e92                __adddi3_s8
 .text.libgcc   0x00001eaa       0x12 c:/program files (x86)/atmel/atmel toolchain/avr8 gcc/native/3.4.2.939/avr8-gnu-toolchain/bin/../lib/gcc/avr/4.7.2/avr4\libgcc.a(_subdi3.o)
                0x00001eaa                __subdi3
 .text.libgcc   0x00001ebc       0x18 c:/program files (x86)/atmel/atmel toolchain/avr8 gcc/native/3.4.2.939/avr8-gnu-toolchain/bin/../lib/gcc/avr/4.7.2/avr4\libgcc.a(_cmpdi2_s8.o)
                0x00001ebc                __cmpdi2_s8
 .text.libgcc.div
                0x00001ed4       0x18 c:/program files (x86)/atmel/atmel toolchain/avr8 gcc/native/3.4.2.939/avr8-gnu-toolchain/bin/../lib/gcc/avr/4.7.2/avr4\libgcc.a(_udivmodqi4.o)
                0x00001ed4                __udivmodqi4
 .text.libgcc.div
                0x00001eec       0x28 c:/program files (x86)/atmel/atmel toolchain/avr8 gcc/native/3.4.2.939/avr8-gnu-toolchain/bin/../lib/gcc/avr/4.7.2/avr4\libgcc.a(_udivmodhi4.o)
                0x00001eec                __udivmodhi4
 .text.libgcc.div
                0x00001f14       0x44 c:/program files (x86)/atmel/atmel toolchain/avr8 gcc/native/3.4.2.939/avr8-gnu-toolchain/bin/../lib/gcc/avr/4.7.2/avr4\libgcc.a(_udivmodsi4.o)
                0x00001f14                __udivmodsi4
 .text.libgcc   0x00001f58        0xc c:/program files (x86)/atmel/atmel toolchain/avr8 gcc/native/3.4.2.939/avr8-gnu-toolchain/bin/../lib/gcc/avr/4.7.2/avr4\libgcc.a(_tablejump.o)
                0x00001f58                __tablejump2__
                0x00001f5c                __tablejump__
                0x00001f64                . = ALIGN (0x2)
 *(.fini9)
 .fini9         0x00001f64        0x0 c:/program files (x86)/atmel/atmel toolchain/avr8 gcc/native/3.4.2.939/avr8-gnu-toolchain/bin/../lib/gcc/avr/4.7.2/avr4\libgcc.a(_exit.o)
                0x00001f64                _exit
                0x00001f64                exit
 *(.fini9)
 *(.fini8)
 *(.fini8)
 *(.fini7)
 *(.fini7)
 *(.fini6)
 *(.fini6)
 *(.fini5)
 *(.fini5)
 *(.fini4)
 *(.fini4)
 *(.fini3)
 *(.fini3)
 *(.fini2)
 *(.fini2)
 *(.fini1)
 *(.fini1)
 *(.fini0)
 .fini0         0x00001f64        0x4 c:/program files (x86)/atmel/atmel toolchain/avr8 gcc/native/3.4.2.939/avr8-gnu-toolchain/bin/../lib/gcc/avr/4.7.2/avr4\libgcc.a(_exit.o)
 *(.fini0)
                0x00001f68                _etext = .

.data           0x00800100       0x16 load address 0x00001f68
                0x00800100                PROVIDE (__data_start, .)
 *(.data)
 .data          0x00800100        0x0 c:/program files (x86)/atmel/atmel toolchain/avr8 gcc/native/3.4.2.939/avr8-gnu-toolchain/bin/../lib/gcc/avr/4.7.2/../../../../avr/lib/avr4/crtm88.o
 .data          0x00800100        0x0 libMozzi/FrequencyTimer2.o
 .data          0x00800100        0x0 libMozzi/MozziGuts.o
 .data          0x00800100        0x0 libMozzi/mozzi_analog.o
 .data          0x00800100        0x0 libMozzi/mozzi_fixmath.o
 .data          0x00800100        0x0 libMozzi/mozzi_midi.o
 .data          0x00800100        0x0 libMozzi/mozzi_rand.o
 .data          0x00800100        0x0 libMozzi/mozzi_utils.o
 .data          0x00800100        0x0 libMozzi/TimerOne.o
 .data          0x00800100        0x0 libMozzi/TimerZero.o
 .data          0x00800100        0x0 PhonosynthAtmega88.o
 .data          0x00800100        0x0 c:/program files (x86)/atmel/atmel toolchain/avr8 gcc/native/3.4.2.939/avr8-gnu-toolchain/bin/../lib/gcc/avr/4.7.2/../../../../avr/lib/avr4\libm.a(cmpsf2.o)
 .data          0x00800100        0x0 c:/program files (x86)/atmel/atmel toolchain/avr8 gcc/native/3.4.2.939/avr8-gnu-toolchain/bin/../lib/gcc/avr/4.7.2/../../../../avr/lib/avr4\libm.a(divsf3.o)
 .data          0x00800100        0x0 c:/program files (x86)/atmel/atmel toolchain/avr8 gcc/native/3.4.2.939/avr8-gnu-toolchain/bin/../lib/gcc/avr/4.7.2/../../../../avr/lib/avr4\libm.a(divsf3x.o)
 .data          0x00800100        0x0 c:/program files (x86)/atmel/atmel toolchain/avr8 gcc/native/3.4.2.939/avr8-gnu-toolchain/bin/../lib/gcc/avr/4.7.2/../../../../avr/lib/avr4\libm.a(floatsisf.o)
 .data          0x00800100        0x0 c:/program files (x86)/atmel/atmel toolchain/avr8 gcc/native/3.4.2.939/avr8-gnu-toolchain/bin/../lib/gcc/avr/4.7.2/../../../../avr/lib/avr4\libm.a(fp_cmp.o)
 .data          0x00800100        0x0 c:/program files (x86)/atmel/atmel toolchain/avr8 gcc/native/3.4.2.939/avr8-gnu-toolchain/bin/../lib/gcc/avr/4.7.2/../../../../avr/lib/avr4\libm.a(fp_inf.o)
 .data          0x00800100        0x0 c:/program files (x86)/atmel/atmel toolchain/avr8 gcc/native/3.4.2.939/avr8-gnu-toolchain/bin/../lib/gcc/avr/4.7.2/../../../../avr/lib/avr4\libm.a(fp_nan.o)
 .data          0x00800100        0x0 c:/program files (x86)/atmel/atmel toolchain/avr8 gcc/native/3.4.2.939/avr8-gnu-toolchain/bin/../lib/gcc/avr/4.7.2/../../../../avr/lib/avr4\libm.a(fp_pscA.o)
 .data          0x00800100        0x0 c:/program files (x86)/atmel/atmel toolchain/avr8 gcc/native/3.4.2.939/avr8-gnu-toolchain/bin/../lib/gcc/avr/4.7.2/../../../../avr/lib/avr4\libm.a(fp_pscB.o)
 .data          0x00800100        0x0 c:/program files (x86)/atmel/atmel toolchain/avr8 gcc/native/3.4.2.939/avr8-gnu-toolchain/bin/../lib/gcc/avr/4.7.2/../../../../avr/lib/avr4\libm.a(fp_round.o)
 .data          0x00800100        0x0 c:/program files (x86)/atmel/atmel toolchain/avr8 gcc/native/3.4.2.939/avr8-gnu-toolchain/bin/../lib/gcc/avr/4.7.2/../../../../avr/lib/avr4\libm.a(fp_split3.o)
 .data          0x00800100        0x0 c:/program files (x86)/atmel/atmel toolchain/avr8 gcc/native/3.4.2.939/avr8-gnu-toolchain/bin/../lib/gcc/avr/4.7.2/../../../../avr/lib/avr4\libm.a(fp_zero.o)
 .data          0x00800100        0x0 c:/program files (x86)/atmel/atmel toolchain/avr8 gcc/native/3.4.2.939/avr8-gnu-toolchain/bin/../lib/gcc/avr/4.7.2/../../../../avr/lib/avr4\libm.a(mulsf3.o)
 .data          0x00800100        0x0 c:/program files (x86)/atmel/atmel toolchain/avr8 gcc/native/3.4.2.939/avr8-gnu-toolchain/bin/../lib/gcc/avr/4.7.2/../../../../avr/lib/avr4\libm.a(mulsf3x.o)
 .data          0x00800100        0x0 c:/program files (x86)/atmel/atmel toolchain/avr8 gcc/native/3.4.2.939/avr8-gnu-toolchain/bin/../lib/gcc/avr/4.7.2/../../../../avr/lib/avr4\libm.a(pow.o)
 .data          0x00800100        0x0 c:/program files (x86)/atmel/atmel toolchain/avr8 gcc/native/3.4.2.939/avr8-gnu-toolchain/bin/../lib/gcc/avr/4.7.2/../../../../avr/lib/avr4\libm.a(exp.o)
 .data          0x00800100        0x0 c:/program files (x86)/atmel/atmel toolchain/avr8 gcc/native/3.4.2.939/avr8-gnu-toolchain/bin/../lib/gcc/avr/4.7.2/../../../../avr/lib/avr4\libm.a(fp_powser.o)
 .data          0x00800100        0x0 c:/program files (x86)/atmel/atmel toolchain/avr8 gcc/native/3.4.2.939/avr8-gnu-toolchain/bin/../lib/gcc/avr/4.7.2/../../../../avr/lib/avr4\libm.a(inverse.o)
 .data          0x00800100        0x0 c:/program files (x86)/atmel/atmel toolchain/avr8 gcc/native/3.4.2.939/avr8-gnu-toolchain/bin/../lib/gcc/avr/4.7.2/../../../../avr/lib/avr4\libm.a(ldexp.o)
 .data          0x00800100        0x0 c:/program files (x86)/atmel/atmel toolchain/avr8 gcc/native/3.4.2.939/avr8-gnu-toolchain/bin/../lib/gcc/avr/4.7.2/../../../../avr/lib/avr4\libm.a(log.o)
 .data          0x00800100        0x0 c:/program files (x86)/atmel/atmel toolchain/avr8 gcc/native/3.4.2.939/avr8-gnu-toolchain/bin/../lib/gcc/avr/4.7.2/../../../../avr/lib/avr4\libm.a(modf.o)
 .data          0x00800100        0x0 c:/program files (x86)/atmel/atmel toolchain/avr8 gcc/native/3.4.2.939/avr8-gnu-toolchain/bin/../lib/gcc/avr/4.7.2/../../../../avr/lib/avr4\libm.a(addsf3.o)
 .data          0x00800100        0x0 c:/program files (x86)/atmel/atmel toolchain/avr8 gcc/native/3.4.2.939/avr8-gnu-toolchain/bin/../lib/gcc/avr/4.7.2/../../../../avr/lib/avr4\libm.a(addsf3x.o)
 .data          0x00800100        0x0 c:/program files (x86)/atmel/atmel toolchain/avr8 gcc/native/3.4.2.939/avr8-gnu-toolchain/bin/../lib/gcc/avr/4.7.2/../../../../avr/lib/avr4\libm.a(fp_mpack.o)
 .data          0x00800100        0x0 ../libArduino\libcore.a(main.o)
 .data          0x00800100        0x0 ../libArduino\libcore.a(wiring.o)
 .data          0x00800100        0x0 ../libArduino\libcore.a(wiring_analog.o)
 .data          0x00800100        0x0 ../libArduino\libcore.a(wiring_digital.o)
 .data          0x00800100        0x0 c:/program files (x86)/atmel/atmel toolchain/avr8 gcc/native/3.4.2.939/avr8-gnu-toolchain/bin/../lib/gcc/avr/4.7.2/avr4\libgcc.a(_mulsi3.o)
 .data          0x00800100        0x0 c:/program files (x86)/atmel/atmel toolchain/avr8 gcc/native/3.4.2.939/avr8-gnu-toolchain/bin/../lib/gcc/avr/4.7.2/avr4\libgcc.a(_divmodqi4.o)
 .data          0x00800100        0x0 c:/program files (x86)/atmel/atmel toolchain/avr8 gcc/native/3.4.2.939/avr8-gnu-toolchain/bin/../lib/gcc/avr/4.7.2/avr4\libgcc.a(_divmodhi4.o)
 .data          0x00800100        0x0 c:/program files (x86)/atmel/atmel toolchain/avr8 gcc/native/3.4.2.939/avr8-gnu-toolchain/bin/../lib/gcc/avr/4.7.2/avr4\libgcc.a(_divmodsi4.o)
 .data          0x00800100        0x0 c:/program files (x86)/atmel/atmel toolchain/avr8 gcc/native/3.4.2.939/avr8-gnu-toolchain/bin/../lib/gcc/avr/4.7.2/avr4\libgcc.a(_exit.o)
 .data          0x00800100        0x0 c:/program files (x86)/atmel/atmel toolchain/avr8 gcc/native/3.4.2.939/avr8-gnu-toolchain/bin/../lib/gcc/avr/4.7.2/avr4\libgcc.a(_copy_data.o)
 .data          0x00800100        0x0 c:/program files (x86)/atmel/atmel toolchain/avr8 gcc/native/3.4.2.939/avr8-gnu-toolchain/bin/../lib/gcc/avr/4.7.2/avr4\libgcc.a(_clear_bss.o)
 .data          0x00800100        0x0 c:/program files (x86)/atmel/atmel toolchain/avr8 gcc/native/3.4.2.939/avr8-gnu-toolchain/bin/../lib/gcc/avr/4.7.2/avr4\libgcc.a(_ctors.o)
 .data          0x00800100        0x0 c:/program files (x86)/atmel/atmel toolchain/avr8 gcc/native/3.4.2.939/avr8-gnu-toolchain/bin/../lib/gcc/avr/4.7.2/avr4\libgcc.a(_umulhisi3.o)
 .data          0x00800100        0x0 c:/program files (x86)/atmel/atmel toolchain/avr8 gcc/native/3.4.2.939/avr8-gnu-toolchain/bin/../lib/gcc/avr/4.7.2/avr4\libgcc.a(_usmulhisi3.o)
 .data          0x00800100        0x0 c:/program files (x86)/atmel/atmel toolchain/avr8 gcc/native/3.4.2.939/avr8-gnu-toolchain/bin/../lib/gcc/avr/4.7.2/avr4\libgcc.a(_muluhisi3.o)
 .data          0x00800100        0x0 c:/program files (x86)/atmel/atmel toolchain/avr8 gcc/native/3.4.2.939/avr8-gnu-toolchain/bin/../lib/gcc/avr/4.7.2/avr4\libgcc.a(_mulshisi3.o)
 .data          0x00800100        0x0 c:/program files (x86)/atmel/atmel toolchain/avr8 gcc/native/3.4.2.939/avr8-gnu-toolchain/bin/../lib/gcc/avr/4.7.2/avr4\libgcc.a(_udivdi3.o)
 .data          0x00800100        0x0 c:/program files (x86)/atmel/atmel toolchain/avr8 gcc/native/3.4.2.939/avr8-gnu-toolchain/bin/../lib/gcc/avr/4.7.2/avr4\libgcc.a(_muldi3.o)
 .data          0x00800100        0x0 c:/program files (x86)/atmel/atmel toolchain/avr8 gcc/native/3.4.2.939/avr8-gnu-toolchain/bin/../lib/gcc/avr/4.7.2/avr4\libgcc.a(_udivmod64.o)
 .data          0x00800100        0x0 c:/program files (x86)/atmel/atmel toolchain/avr8 gcc/native/3.4.2.939/avr8-gnu-toolchain/bin/../lib/gcc/avr/4.7.2/avr4\libgcc.a(_ashldi3.o)
 .data          0x00800100        0x0 c:/program files (x86)/atmel/atmel toolchain/avr8 gcc/native/3.4.2.939/avr8-gnu-toolchain/bin/../lib/gcc/avr/4.7.2/avr4\libgcc.a(_lshrdi3.o)
 .data          0x00800100        0x0 c:/program files (x86)/atmel/atmel toolchain/avr8 gcc/native/3.4.2.939/avr8-gnu-toolchain/bin/../lib/gcc/avr/4.7.2/avr4\libgcc.a(_adddi3_s8.o)
 .data          0x00800100        0x0 c:/program files (x86)/atmel/atmel toolchain/avr8 gcc/native/3.4.2.939/avr8-gnu-toolchain/bin/../lib/gcc/avr/4.7.2/avr4\libgcc.a(_subdi3.o)
 .data          0x00800100        0x0 c:/program files (x86)/atmel/atmel toolchain/avr8 gcc/native/3.4.2.939/avr8-gnu-toolchain/bin/../lib/gcc/avr/4.7.2/avr4\libgcc.a(_cmpdi2_s8.o)
 .data          0x00800100        0x0 c:/program files (x86)/atmel/atmel toolchain/avr8 gcc/native/3.4.2.939/avr8-gnu-toolchain/bin/../lib/gcc/avr/4.7.2/avr4\libgcc.a(_udivmodqi4.o)
 .data          0x00800100        0x0 c:/program files (x86)/atmel/atmel toolchain/avr8 gcc/native/3.4.2.939/avr8-gnu-toolchain/bin/../lib/gcc/avr/4.7.2/avr4\libgcc.a(_udivmodhi4.o)
 .data          0x00800100        0x0 c:/program files (x86)/atmel/atmel toolchain/avr8 gcc/native/3.4.2.939/avr8-gnu-toolchain/bin/../lib/gcc/avr/4.7.2/avr4\libgcc.a(_udivmodsi4.o)
 .data          0x00800100        0x0 c:/program files (x86)/atmel/atmel toolchain/avr8 gcc/native/3.4.2.939/avr8-gnu-toolchain/bin/../lib/gcc/avr/4.7.2/avr4\libgcc.a(_tablejump.o)
 *(.data*)
 .data._ZL15current_channel
                0x00800100        0x1 libMozzi/mozzi_analog.o
 .data._ZL5first
                0x00800101        0x1 libMozzi/mozzi_analog.o
 .data._ZL1x    0x00800102        0x4 libMozzi/mozzi_rand.o
 .data._ZL1y    0x00800106        0x4 libMozzi/mozzi_rand.o
 .data._ZL1z    0x0080010a        0x4 libMozzi/mozzi_rand.o
 .data.fm_intensity
                0x0080010e        0x4 PhonosynthAtmega88.o
                0x0080010e                fm_intensity
 .data.mod_ratio
                0x00800112        0x2 PhonosynthAtmega88.o
                0x00800112                mod_ratio
 .data._ZL14MutePhonosynth
                0x00800114        0x1 PhonosynthAtmega88.o
 *(.rodata)
 *(.rodata*)
 *(.gnu.linkonce.d*)
                0x00800116                . = ALIGN (0x2)
 *fill*         0x00800115        0x1 
                0x00800116                _edata = .
                0x00800116                PROVIDE (__data_end, .)

.bss            0x00800116      0x2b2
                0x00800116                PROVIDE (__bss_start, .)
 *(.bss)
 *(.bss*)
 .bss._ZL18output_buffer_tail
                0x00800116        0x4 libMozzi/MozziGuts.o
 .bss._ZZ9audioHookvE18output_buffer_head
                0x0080011a        0x4 libMozzi/MozziGuts.o
 .bss._ZL13output_buffer
                0x0080011e      0x200 libMozzi/MozziGuts.o
 .bss._ZL16pre_mozzi_TCCR0A
                0x0080031e        0x1 libMozzi/MozziGuts.o
 .bss._ZL16pre_mozzi_TCCR0B
                0x0080031f        0x1 libMozzi/MozziGuts.o
 .bss._ZL15pre_mozzi_OCR0A
                0x00800320        0x1 libMozzi/MozziGuts.o
 .bss._ZL16pre_mozzi_TIMSK0
                0x00800321        0x1 libMozzi/MozziGuts.o
 .bss._ZL12mozzi_TCCR0A
                0x00800322        0x1 libMozzi/MozziGuts.o
 .bss._ZL12mozzi_TCCR0B
                0x00800323        0x1 libMozzi/MozziGuts.o
 .bss._ZL11mozzi_OCR0A
                0x00800324        0x1 libMozzi/MozziGuts.o
 .bss._ZL12mozzi_TIMSK0
                0x00800325        0x1 libMozzi/MozziGuts.o
 .bss._ZL16pre_mozzi_TCCR1A
                0x00800326        0x1 libMozzi/MozziGuts.o
 .bss._ZL16pre_mozzi_TCCR1B
                0x00800327        0x1 libMozzi/MozziGuts.o
 .bss._ZL15pre_mozzi_OCR1A
                0x00800328        0x1 libMozzi/MozziGuts.o
 .bss._ZL16pre_mozzi_TIMSK1
                0x00800329        0x1 libMozzi/MozziGuts.o
 .bss._ZL12mozzi_TCCR1A
                0x0080032a        0x1 libMozzi/MozziGuts.o
 .bss._ZL12mozzi_TCCR1B
                0x0080032b        0x1 libMozzi/MozziGuts.o
 .bss._ZL11mozzi_OCR1A
                0x0080032c        0x1 libMozzi/MozziGuts.o
 .bss._ZL12mozzi_TIMSK1
                0x0080032d        0x1 libMozzi/MozziGuts.o
 .bss._ZL15analog_readings
                0x0080032e        0xc libMozzi/mozzi_analog.o
 .bss._ZL20adc_channels_to_read
                0x0080033a        0x8 libMozzi/mozzi_analog.o
 .bss._ZN8TimerOne15clockSelectBitsE
                0x00800342        0x1 libMozzi/TimerOne.o
                0x00800342                _ZN8TimerOne15clockSelectBitsE
 .bss._ZN8TimerOne9pwmPeriodE
                0x00800343        0x2 libMozzi/TimerOne.o
                0x00800343                _ZN8TimerOne9pwmPeriodE
 .bss.Timer1    0x00800345        0x5 libMozzi/TimerOne.o
                0x00800345                Timer1
 .bss._ZN9TimerZero7period_E
                0x0080034a        0x2 libMozzi/TimerZero.o
                0x0080034a                _ZN9TimerZero7period_E
 .bss._ZN9TimerZero2f_E
                0x0080034c        0x2 libMozzi/TimerZero.o
                0x0080034c                _ZN9TimerZero2f_E
 .bss._ZN9TimerZero6reset_E
                0x0080034e        0x1 libMozzi/TimerZero.o
                0x0080034e                _ZN9TimerZero6reset_E
 .bss.lpf       0x0080034f        0x8 PhonosynthAtmega88.o
                0x0080034f                lpf
 .bss.oSin3     0x00800357        0xa PhonosynthAtmega88.o
                0x00800357                oSin3
 .bss.oSin2     0x00800361        0xa PhonosynthAtmega88.o
                0x00800361                oSin2
 .bss.oSin1     0x0080036b        0xa PhonosynthAtmega88.o
                0x0080036b                oSin1
 .bss.oLFO1     0x00800375        0xa PhonosynthAtmega88.o
                0x00800375                oLFO1
 .bss.oSaw3     0x0080037f        0xa PhonosynthAtmega88.o
                0x0080037f                oSaw3
 .bss.oSaw2     0x00800389        0xa PhonosynthAtmega88.o
                0x00800389                oSaw2
 .bss.oSaw1     0x00800393        0xa PhonosynthAtmega88.o
                0x00800393                oSaw1
 .bss._ZL8ByteCode
                0x0080039d        0x1 PhonosynthAtmega88.o
 .bss._ZL1t     0x0080039e        0x8 PhonosynthAtmega88.o
 .bss._ZL6YValue
                0x008003a6        0x1 PhonosynthAtmega88.o
 .bss._ZL6XValue
                0x008003a7        0x1 PhonosynthAtmega88.o
 .bss._ZL7FMModus
                0x008003a8        0x1 PhonosynthAtmega88.o
 .bss._ZL10POTI1Value
                0x008003a9        0x2 PhonosynthAtmega88.o
 .bss._ZL10POTI2Value
                0x008003ab        0x2 PhonosynthAtmega88.o
 .bss._ZL10POTI3Value
                0x008003ad        0x2 PhonosynthAtmega88.o
 .bss._ZL10NoiseModus
                0x008003af        0x1 PhonosynthAtmega88.o
 .bss._ZL10POTI4Value
                0x008003b0        0x2 PhonosynthAtmega88.o
 .bss._ZL11BytecodeSel
                0x008003b2        0x1 PhonosynthAtmega88.o
 .bss._ZL13PButton1Value
                0x008003b3        0x1 PhonosynthAtmega88.o
 .bss._ZL13PButton2Value
                0x008003b4        0x1 PhonosynthAtmega88.o
 .bss._ZL12SWITCH1Value
                0x008003b5        0x1 PhonosynthAtmega88.o
 .bss._ZL12SWITCH2Value
                0x008003b6        0x1 PhonosynthAtmega88.o
 .bss._ZL12SWITCH3Value
                0x008003b7        0x1 PhonosynthAtmega88.o
 .bss._ZL10POTI5Value
                0x008003b8        0x2 PhonosynthAtmega88.o
 .bss._ZL10POTI6Value
                0x008003ba        0x2 PhonosynthAtmega88.o
 .bss._ZL14PhonosynthMode
                0x008003bc        0x1 PhonosynthAtmega88.o
 .bss._ZL9LPFByPass
                0x008003bd        0x1 PhonosynthAtmega88.o
 .bss._ZL22PButton2Value_PREVIOUS
                0x008003be        0x1 PhonosynthAtmega88.o
 .bss.timer0_millis
                0x008003bf        0x4 ../libArduino\libcore.a(wiring.o)
                0x008003bf                timer0_millis
 .bss.timer0_overflow_count
                0x008003c3        0x4 ../libArduino\libcore.a(wiring.o)
                0x008003c3                timer0_overflow_count
 .bss.timer0_fract
                0x008003c7        0x1 ../libArduino\libcore.a(wiring.o)
 *(COMMON)
                0x008003c8                PROVIDE (__bss_end, .)
                0x00001f68                __data_load_start = LOADADDR (.data)
                0x00001f7e                __data_load_end = (__data_load_start + SIZEOF (.data))

.noinit         0x008003c8        0x0
                0x008003c8                PROVIDE (__noinit_start, .)
 *(.noinit*)
                0x008003c8                PROVIDE (__noinit_end, .)
                0x008003c8                _end = .
                0x008003c8                PROVIDE (__heap_start, .)

.eeprom         0x00810000        0x0
 *(.eeprom*)
                0x00810000                __eeprom_end = .

.fuse
 *(.fuse)
 *(.lfuse)
 *(.hfuse)
 *(.efuse)

.lock
 *(.lock*)

.signature
 *(.signature*)

.user_signatures
 *(.user_signatures*)

.stab           0x00000000     0x33a8
 *(.stab)
 .stab          0x00000000      0x6cc c:/program files (x86)/atmel/atmel toolchain/avr8 gcc/native/3.4.2.939/avr8-gnu-toolchain/bin/../lib/gcc/avr/4.7.2/../../../../avr/lib/avr4/crtm88.o
 .stab          0x000006cc       0x90 c:/program files (x86)/atmel/atmel toolchain/avr8 gcc/native/3.4.2.939/avr8-gnu-toolchain/bin/../lib/gcc/avr/4.7.2/../../../../avr/lib/avr4\libm.a(cmpsf2.o)
                                 0x9c (size before relaxing)
 .stab          0x0000075c       0x48 c:/program files (x86)/atmel/atmel toolchain/avr8 gcc/native/3.4.2.939/avr8-gnu-toolchain/bin/../lib/gcc/avr/4.7.2/../../../../avr/lib/avr4\libm.a(divsf3.o)
                                 0x54 (size before relaxing)
 .stab          0x000007a4      0x510 c:/program files (x86)/atmel/atmel toolchain/avr8 gcc/native/3.4.2.939/avr8-gnu-toolchain/bin/../lib/gcc/avr/4.7.2/../../../../avr/lib/avr4\libm.a(divsf3x.o)
                                0x51c (size before relaxing)
 .stab          0x00000cb4      0x318 c:/program files (x86)/atmel/atmel toolchain/avr8 gcc/native/3.4.2.939/avr8-gnu-toolchain/bin/../lib/gcc/avr/4.7.2/../../../../avr/lib/avr4\libm.a(floatsisf.o)
                                0x324 (size before relaxing)
 .stab          0x00000fcc      0x1e0 c:/program files (x86)/atmel/atmel toolchain/avr8 gcc/native/3.4.2.939/avr8-gnu-toolchain/bin/../lib/gcc/avr/4.7.2/../../../../avr/lib/avr4\libm.a(fp_cmp.o)
                                0x1ec (size before relaxing)
 .stab          0x000011ac       0x78 c:/program files (x86)/atmel/atmel toolchain/avr8 gcc/native/3.4.2.939/avr8-gnu-toolchain/bin/../lib/gcc/avr/4.7.2/../../../../avr/lib/avr4\libm.a(fp_inf.o)
                                 0x84 (size before relaxing)
 .stab          0x00001224       0x54 c:/program files (x86)/atmel/atmel toolchain/avr8 gcc/native/3.4.2.939/avr8-gnu-toolchain/bin/../lib/gcc/avr/4.7.2/../../../../avr/lib/avr4\libm.a(fp_nan.o)
                                 0x60 (size before relaxing)
 .stab          0x00001278       0x84 c:/program files (x86)/atmel/atmel toolchain/avr8 gcc/native/3.4.2.939/avr8-gnu-toolchain/bin/../lib/gcc/avr/4.7.2/../../../../avr/lib/avr4\libm.a(fp_pscA.o)
                                 0x90 (size before relaxing)
 .stab          0x000012fc       0x84 c:/program files (x86)/atmel/atmel toolchain/avr8 gcc/native/3.4.2.939/avr8-gnu-toolchain/bin/../lib/gcc/avr/4.7.2/../../../../avr/lib/avr4\libm.a(fp_pscB.o)
                                 0x90 (size before relaxing)
 .stab          0x00001380       0xfc c:/program files (x86)/atmel/atmel toolchain/avr8 gcc/native/3.4.2.939/avr8-gnu-toolchain/bin/../lib/gcc/avr/4.7.2/../../../../avr/lib/avr4\libm.a(fp_round.o)
                                0x108 (size before relaxing)
 .stab          0x0000147c      0x1d4 c:/program files (x86)/atmel/atmel toolchain/avr8 gcc/native/3.4.2.939/avr8-gnu-toolchain/bin/../lib/gcc/avr/4.7.2/../../../../avr/lib/avr4\libm.a(fp_split3.o)
                                0x1e0 (size before relaxing)
 .stab          0x00001650       0x90 c:/program files (x86)/atmel/atmel toolchain/avr8 gcc/native/3.4.2.939/avr8-gnu-toolchain/bin/../lib/gcc/avr/4.7.2/../../../../avr/lib/avr4\libm.a(fp_zero.o)
                                 0x9c (size before relaxing)
 .stab          0x000016e0       0x48 c:/program files (x86)/atmel/atmel toolchain/avr8 gcc/native/3.4.2.939/avr8-gnu-toolchain/bin/../lib/gcc/avr/4.7.2/../../../../avr/lib/avr4\libm.a(mulsf3.o)
                                 0x54 (size before relaxing)
 .stab          0x00001728      0x4d4 c:/program files (x86)/atmel/atmel toolchain/avr8 gcc/native/3.4.2.939/avr8-gnu-toolchain/bin/../lib/gcc/avr/4.7.2/../../../../avr/lib/avr4\libm.a(mulsf3x.o)
                                0x4e0 (size before relaxing)
 .stab          0x00001bfc      0x3c0 c:/program files (x86)/atmel/atmel toolchain/avr8 gcc/native/3.4.2.939/avr8-gnu-toolchain/bin/../lib/gcc/avr/4.7.2/../../../../avr/lib/avr4\libm.a(pow.o)
                                0x3cc (size before relaxing)
 .stab          0x00001fbc      0x288 c:/program files (x86)/atmel/atmel toolchain/avr8 gcc/native/3.4.2.939/avr8-gnu-toolchain/bin/../lib/gcc/avr/4.7.2/../../../../avr/lib/avr4\libm.a(exp.o)
                                0x294 (size before relaxing)
 .stab          0x00002244      0x1ec c:/program files (x86)/atmel/atmel toolchain/avr8 gcc/native/3.4.2.939/avr8-gnu-toolchain/bin/../lib/gcc/avr/4.7.2/../../../../avr/lib/avr4\libm.a(fp_powser.o)
                                0x1f8 (size before relaxing)
 .stab          0x00002430       0x84 c:/program files (x86)/atmel/atmel toolchain/avr8 gcc/native/3.4.2.939/avr8-gnu-toolchain/bin/../lib/gcc/avr/4.7.2/../../../../avr/lib/avr4\libm.a(inverse.o)
                                 0x90 (size before relaxing)
 .stab          0x000024b4      0x2c4 c:/program files (x86)/atmel/atmel toolchain/avr8 gcc/native/3.4.2.939/avr8-gnu-toolchain/bin/../lib/gcc/avr/4.7.2/../../../../avr/lib/avr4\libm.a(ldexp.o)
                                0x2d0 (size before relaxing)
 .stab          0x00002778      0x378 c:/program files (x86)/atmel/atmel toolchain/avr8 gcc/native/3.4.2.939/avr8-gnu-toolchain/bin/../lib/gcc/avr/4.7.2/../../../../avr/lib/avr4\libm.a(log.o)
                                0x384 (size before relaxing)
 .stab          0x00002af0      0x2a0 c:/program files (x86)/atmel/atmel toolchain/avr8 gcc/native/3.4.2.939/avr8-gnu-toolchain/bin/../lib/gcc/avr/4.7.2/../../../../avr/lib/avr4\libm.a(modf.o)
                                0x2ac (size before relaxing)
 .stab          0x00002d90       0x78 c:/program files (x86)/atmel/atmel toolchain/avr8 gcc/native/3.4.2.939/avr8-gnu-toolchain/bin/../lib/gcc/avr/4.7.2/../../../../avr/lib/avr4\libm.a(addsf3.o)
                                 0x84 (size before relaxing)
 .stab          0x00002e08      0x4bc c:/program files (x86)/atmel/atmel toolchain/avr8 gcc/native/3.4.2.939/avr8-gnu-toolchain/bin/../lib/gcc/avr/4.7.2/../../../../avr/lib/avr4\libm.a(addsf3x.o)
                                0x4c8 (size before relaxing)
 .stab          0x000032c4       0xe4 c:/program files (x86)/atmel/atmel toolchain/avr8 gcc/native/3.4.2.939/avr8-gnu-toolchain/bin/../lib/gcc/avr/4.7.2/../../../../avr/lib/avr4\libm.a(fp_mpack.o)
                                 0xf0 (size before relaxing)

.stabstr        0x00000000      0xb67
 *(.stabstr)
 .stabstr       0x00000000      0xb67 c:/program files (x86)/atmel/atmel toolchain/avr8 gcc/native/3.4.2.939/avr8-gnu-toolchain/bin/../lib/gcc/avr/4.7.2/../../../../avr/lib/avr4/crtm88.o

.stab.excl
 *(.stab.excl)

.stab.exclstr
 *(.stab.exclstr)

.stab.index
 *(.stab.index)

.stab.indexstr
 *(.stab.indexstr)

.comment        0x00000000       0x2f
 *(.comment)
 .comment       0x00000000       0x2f libMozzi/FrequencyTimer2.o
                                 0x30 (size before relaxing)
 .comment       0x00000000       0x30 libMozzi/MozziGuts.o
 .comment       0x00000000       0x30 libMozzi/mozzi_analog.o
 .comment       0x00000000       0x30 libMozzi/mozzi_fixmath.o
 .comment       0x00000000       0x30 libMozzi/mozzi_midi.o
 .comment       0x00000000       0x30 libMozzi/mozzi_rand.o
 .comment       0x00000000       0x30 libMozzi/mozzi_utils.o
 .comment       0x00000000       0x30 libMozzi/TimerOne.o
 .comment       0x00000000       0x30 libMozzi/TimerZero.o
 .comment       0x00000000       0x30 PhonosynthAtmega88.o
 .comment       0x00000000       0x30 ../libArduino\libcore.a(main.o)
 .comment       0x00000000       0x30 ../libArduino\libcore.a(wiring.o)
 .comment       0x00000000       0x30 ../libArduino\libcore.a(wiring_analog.o)
 .comment       0x00000000       0x30 ../libArduino\libcore.a(wiring_digital.o)

.debug
 *(.debug)

.line
 *(.line)

.debug_srcinfo
 *(.debug_srcinfo)

.debug_sfnames
 *(.debug_sfnames)

.debug_aranges  0x00000000      0x320
 *(.debug_aranges)
 .debug_aranges
                0x00000000       0x40 libMozzi/FrequencyTimer2.o
 .debug_aranges
                0x00000040       0x58 libMozzi/MozziGuts.o
 .debug_aranges
                0x00000098       0x90 libMozzi/mozzi_analog.o
 .debug_aranges
                0x00000128       0x50 libMozzi/mozzi_fixmath.o
 .debug_aranges
                0x00000178       0x38 libMozzi/mozzi_midi.o
 .debug_aranges
                0x000001b0       0x88 libMozzi/mozzi_rand.o
 .debug_aranges
                0x00000238       0x20 libMozzi/mozzi_utils.o
 .debug_aranges
                0x00000258       0x18 libMozzi/TimerOne.o
 .debug_aranges
                0x00000270       0x38 libMozzi/TimerZero.o
 .debug_aranges
                0x000002a8       0x78 PhonosynthAtmega88.o

.debug_pubnames
 *(.debug_pubnames)

.debug_info     0x00000000     0x40e6
 *(.debug_info)
 .debug_info    0x00000000      0x2cb libMozzi/FrequencyTimer2.o
 .debug_info    0x000002cb      0x9fc libMozzi/MozziGuts.o
 .debug_info    0x00000cc7      0x69e libMozzi/mozzi_analog.o
 .debug_info    0x00001365      0x400 libMozzi/mozzi_fixmath.o
 .debug_info    0x00001765      0x3ab libMozzi/mozzi_midi.o
 .debug_info    0x00001b10      0x4f1 libMozzi/mozzi_rand.o
 .debug_info    0x00002001      0x18c libMozzi/mozzi_utils.o
 .debug_info    0x0000218d      0x39d libMozzi/TimerOne.o
 .debug_info    0x0000252a      0x2ea libMozzi/TimerZero.o
 .debug_info    0x00002814     0x18d2 PhonosynthAtmega88.o
 *(.gnu.linkonce.wi.*)

.debug_abbrev   0x00000000     0x155e
 *(.debug_abbrev)
 .debug_abbrev  0x00000000      0x167 libMozzi/FrequencyTimer2.o
 .debug_abbrev  0x00000167      0x407 libMozzi/MozziGuts.o
 .debug_abbrev  0x0000056e      0x334 libMozzi/mozzi_analog.o
 .debug_abbrev  0x000008a2      0x154 libMozzi/mozzi_fixmath.o
 .debug_abbrev  0x000009f6      0x14b libMozzi/mozzi_midi.o
 .debug_abbrev  0x00000b41      0x168 libMozzi/mozzi_rand.o
 .debug_abbrev  0x00000ca9       0xa5 libMozzi/mozzi_utils.o
 .debug_abbrev  0x00000d4e      0x11e libMozzi/TimerOne.o
 .debug_abbrev  0x00000e6c      0x17a libMozzi/TimerZero.o
 .debug_abbrev  0x00000fe6      0x578 PhonosynthAtmega88.o

.debug_line     0x00000000     0x2ddb
 *(.debug_line)
 .debug_line    0x00000000      0x424 libMozzi/FrequencyTimer2.o
 .debug_line    0x00000424      0x5ae libMozzi/MozziGuts.o
 .debug_line    0x000009d2      0x4f2 libMozzi/mozzi_analog.o
 .debug_line    0x00000ec4      0x43b libMozzi/mozzi_fixmath.o
 .debug_line    0x000012ff      0x3d9 libMozzi/mozzi_midi.o
 .debug_line    0x000016d8      0x47a libMozzi/mozzi_rand.o
 .debug_line    0x00001b52      0x382 libMozzi/mozzi_utils.o
 .debug_line    0x00001ed4      0x397 libMozzi/TimerOne.o
 .debug_line    0x0000226b      0x3cf libMozzi/TimerZero.o
 .debug_line    0x0000263a      0x7a1 PhonosynthAtmega88.o

.debug_frame    0x00000000      0x844
 *(.debug_frame)
 .debug_frame   0x00000000       0x7c libMozzi/FrequencyTimer2.o
 .debug_frame   0x0000007c       0xf0 libMozzi/MozziGuts.o
 .debug_frame   0x0000016c      0x15c libMozzi/mozzi_analog.o
 .debug_frame   0x000002c8       0xb8 libMozzi/mozzi_fixmath.o
 .debug_frame   0x00000380       0x88 libMozzi/mozzi_midi.o
 .debug_frame   0x00000408      0x194 libMozzi/mozzi_rand.o
 .debug_frame   0x0000059c       0x30 libMozzi/mozzi_utils.o
 .debug_frame   0x000005cc       0xb8 libMozzi/TimerZero.o
 .debug_frame   0x00000684      0x1c0 PhonosynthAtmega88.o

.debug_str      0x00000000     0xa506
 *(.debug_str)
 .debug_str     0x00000000     0x88ab libMozzi/FrequencyTimer2.o
                               0x89e9 (size before relaxing)
 .debug_str     0x000088ab      0x986 libMozzi/MozziGuts.o
                               0x92e2 (size before relaxing)
 .debug_str     0x00009231      0x350 libMozzi/mozzi_analog.o
                               0x8cd1 (size before relaxing)
 .debug_str     0x00009581      0x2ad libMozzi/mozzi_fixmath.o
                               0x8b23 (size before relaxing)
 .debug_str     0x0000982e       0xd6 libMozzi/mozzi_midi.o
                               0x8b26 (size before relaxing)
 .debug_str     0x00009904      0x11b libMozzi/mozzi_rand.o
                               0x8988 (size before relaxing)
 .debug_str     0x00009a1f       0x9c libMozzi/mozzi_utils.o
                               0x8908 (size before relaxing)
 .debug_str     0x00009abb       0x50 libMozzi/TimerOne.o
                               0x8b95 (size before relaxing)
 .debug_str     0x00009b0b       0xf0 libMozzi/TimerZero.o
                               0x89f4 (size before relaxing)
 .debug_str     0x00009bfb      0x90b PhonosynthAtmega88.o
                               0x9937 (size before relaxing)

.debug_loc      0x00000000     0x1ef7
 *(.debug_loc)
 .debug_loc     0x00000000      0x34f libMozzi/FrequencyTimer2.o
 .debug_loc     0x0000034f      0x277 libMozzi/MozziGuts.o
 .debug_loc     0x000005c6      0x233 libMozzi/mozzi_analog.o
 .debug_loc     0x000007f9      0x363 libMozzi/mozzi_fixmath.o
 .debug_loc     0x00000b5c      0x3a0 libMozzi/mozzi_midi.o
 .debug_loc     0x00000efc      0x54b libMozzi/mozzi_rand.o
 .debug_loc     0x00001447       0xba libMozzi/mozzi_utils.o
 .debug_loc     0x00001501      0x234 libMozzi/TimerZero.o
 .debug_loc     0x00001735      0x7c2 PhonosynthAtmega88.o

.debug_macinfo
 *(.debug_macinfo)

.debug_pubtypes
 *(.debug_pubtypes)

.debug_ranges   0x00000000      0x290
 *(.debug_ranges)
 .debug_ranges  0x00000000       0x30 libMozzi/FrequencyTimer2.o
 .debug_ranges  0x00000030       0x48 libMozzi/MozziGuts.o
 .debug_ranges  0x00000078       0x80 libMozzi/mozzi_analog.o
 .debug_ranges  0x000000f8       0x40 libMozzi/mozzi_fixmath.o
 .debug_ranges  0x00000138       0x28 libMozzi/mozzi_midi.o
 .debug_ranges  0x00000160       0x78 libMozzi/mozzi_rand.o
 .debug_ranges  0x000001d8       0x10 libMozzi/mozzi_utils.o
 .debug_ranges  0x000001e8       0x28 libMozzi/TimerZero.o
 .debug_ranges  0x00000210       0x80 PhonosynthAtmega88.o

.debug_macro    0x00000000     0x437d
 *(.debug_macro)
 .debug_macro   0x00000000      0x199 libMozzi/FrequencyTimer2.o
 .debug_macro   0x00000199      0x5a4 libMozzi/FrequencyTimer2.o
 .debug_macro   0x0000073d       0x1c libMozzi/FrequencyTimer2.o
 .debug_macro   0x00000759      0x10e libMozzi/FrequencyTimer2.o
 .debug_macro   0x00000867       0x51 libMozzi/FrequencyTimer2.o
 .debug_macro   0x000008b8       0x16 libMozzi/FrequencyTimer2.o
 .debug_macro   0x000008ce       0x20 libMozzi/FrequencyTimer2.o
 .debug_macro   0x000008ee      0x167 libMozzi/FrequencyTimer2.o
 .debug_macro   0x00000a55       0x10 libMozzi/FrequencyTimer2.o
 .debug_macro   0x00000a65       0x1e libMozzi/FrequencyTimer2.o
 .debug_macro   0x00000a83       0x12 libMozzi/FrequencyTimer2.o
 .debug_macro   0x00000a95       0xaa libMozzi/FrequencyTimer2.o
 .debug_macro   0x00000b3f      0xd4b libMozzi/FrequencyTimer2.o
 .debug_macro   0x0000188a       0xdc libMozzi/FrequencyTimer2.o
 .debug_macro   0x00001966      0x139 libMozzi/FrequencyTimer2.o
 .debug_macro   0x00001a9f       0xbd libMozzi/FrequencyTimer2.o
 .debug_macro   0x00001b5c       0x34 libMozzi/FrequencyTimer2.o
 .debug_macro   0x00001b90       0x18 libMozzi/FrequencyTimer2.o
 .debug_macro   0x00001ba8       0x6c libMozzi/FrequencyTimer2.o
 .debug_macro   0x00001c14       0xd4 libMozzi/FrequencyTimer2.o
 .debug_macro   0x00001ce8       0x69 libMozzi/FrequencyTimer2.o
 .debug_macro   0x00001d51      0xd80 libMozzi/FrequencyTimer2.o
 .debug_macro   0x00002ad1      0x1c9 libMozzi/FrequencyTimer2.o
 .debug_macro   0x00002c9a       0x10 libMozzi/FrequencyTimer2.o
 .debug_macro   0x00002caa       0x58 libMozzi/FrequencyTimer2.o
 .debug_macro   0x00002d02       0x10 libMozzi/FrequencyTimer2.o
 .debug_macro   0x00002d12       0xeb libMozzi/FrequencyTimer2.o
 .debug_macro   0x00002dfd       0x1c libMozzi/FrequencyTimer2.o
 .debug_macro   0x00002e19       0x94 libMozzi/FrequencyTimer2.o
 .debug_macro   0x00002ead       0x3a libMozzi/FrequencyTimer2.o
 .debug_macro   0x00002ee7      0x1fc libMozzi/MozziGuts.o
 .debug_macro   0x000030e3       0x22 libMozzi/MozziGuts.o
 .debug_macro   0x00003105       0x16 libMozzi/MozziGuts.o
 .debug_macro   0x0000311b       0x17 libMozzi/MozziGuts.o
 .debug_macro   0x00003132       0x22 libMozzi/MozziGuts.o
 .debug_macro   0x00003154       0x12 libMozzi/MozziGuts.o
 .debug_macro   0x00003166       0x22 libMozzi/MozziGuts.o
 .debug_macro   0x00003188       0x34 libMozzi/MozziGuts.o
 .debug_macro   0x000031bc      0x1a6 libMozzi/mozzi_analog.o
 .debug_macro   0x00003362      0x19e libMozzi/mozzi_fixmath.o
 .debug_macro   0x00003500       0x64 libMozzi/mozzi_fixmath.o
 .debug_macro   0x00003564      0x1a8 libMozzi/mozzi_midi.o
 .debug_macro   0x0000370c      0x199 libMozzi/mozzi_rand.o
 .debug_macro   0x000038a5      0x19e libMozzi/mozzi_utils.o
 .debug_macro   0x00003a43       0x10 libMozzi/mozzi_utils.o
 .debug_macro   0x00003a53      0x1a7 libMozzi/TimerOne.o
 .debug_macro   0x00003bfa      0x1b7 libMozzi/TimerZero.o
 .debug_macro   0x00003db1       0x89 libMozzi/TimerZero.o
 .debug_macro   0x00003e3a       0xe0 libMozzi/TimerZero.o
 .debug_macro   0x00003f1a       0x97 libMozzi/TimerZero.o
 .debug_macro   0x00003fb1       0x45 libMozzi/TimerZero.o
 .debug_macro   0x00003ff6      0x2c5 PhonosynthAtmega88.o
 .debug_macro   0x000042bb       0x6a PhonosynthAtmega88.o
 .debug_macro   0x00004325       0x16 PhonosynthAtmega88.o
 .debug_macro   0x0000433b       0x16 PhonosynthAtmega88.o
 .debug_macro   0x00004351       0x16 PhonosynthAtmega88.o
 .debug_macro   0x00004367       0x16 PhonosynthAtmega88.o
OUTPUT(PhonosynthAtmega88.elf elf32-avr)
LOAD linker stubs
